// Vitest Snapshot v1, https://vitest.dev/guide/snapshot.html

exports[`/general/buttons 1`] = `
"<nav class="flex" aria-label="Breadcrumb">
  <ol class="inline-flex flex-wrap items-center">
    <li class="inline-flex items-center"><span class="inline-flex text-sm font-bold text-slate-600 dark:text-slate-400"><!--v-if--> Library</span></li>
    <li class="inline-flex items-center"><span class="mx-2 text-sm">/</span></li>
    <li class="inline-flex items-center"><span class="inline-flex text-sm font-bold text-slate-600 dark:text-slate-400"><!--v-if--> General</span></li>
    <li class="inline-flex items-center"><span class="mx-2 text-sm">/</span></li>
    <li class="inline-flex items-center"><span class="inline-flex text-sm font-bold text-slate-600 dark:text-slate-400"><!--v-if--> Button</span></li>
    <!--v-if-->
  </ol>
</nav>
<h1 class="text-4xl font-extrabold my-4">Button</h1>
<section class="my-8">
  <h2 class="text-3xl font-bold my-4">Basic</h2>
  <div data-v-0b81044b="" class="Card">
    <div data-v-0b81044b="" class="Card-Header"></div>
    <div data-v-0b81044b="" class="Card-Body">
      <div data-v-0b81044b="" class="Card-Title"></div>
      <div data-v-0b81044b="" class="Card-Subtitle"></div>
      <div data-v-0b81044b="" class="CardContent">
        <div class="space-y-4">
          <div class="flex flex-col md:flex-row gap-4"><button data-v-e3d5c012="" type="button" class="Button contained primary small">
              <!--v-if-->
              <!--v-if-->
              <div data-v-e3d5c012="">Contained</div>
              <!--v-if-->
            </button><button data-v-e3d5c012="" type="button" class="Button outlined primary small">
              <!--v-if-->
              <!--v-if-->
              <div data-v-e3d5c012="">Outlined</div>
              <!--v-if-->
            </button><button data-v-e3d5c012="" type="button" class="Button text primary small">
              <!--v-if-->
              <!--v-if-->
              <div data-v-e3d5c012="">Text</div>
              <!--v-if-->
            </button></div>
          <div class="flex flex-col md:flex-row gap-4"><button data-v-e3d5c012="" type="button" class="Button contained primary">
              <!--v-if-->
              <!--v-if-->
              <div data-v-e3d5c012="">Contained</div>
              <!--v-if-->
            </button><button data-v-e3d5c012="" type="button" class="Button outlined primary">
              <!--v-if-->
              <!--v-if-->
              <div data-v-e3d5c012="">Outlined</div>
              <!--v-if-->
            </button><button data-v-e3d5c012="" type="button" class="Button text primary">
              <!--v-if-->
              <!--v-if-->
              <div data-v-e3d5c012="">Text</div>
              <!--v-if-->
            </button></div>
          <div class="flex flex-col md:flex-row gap-4"><button data-v-e3d5c012="" type="button" class="Button contained primary large">
              <!--v-if-->
              <!--v-if-->
              <div data-v-e3d5c012="">Contained</div>
              <!--v-if-->
            </button><button data-v-e3d5c012="" type="button" class="Button outlined primary large">
              <!--v-if-->
              <!--v-if-->
              <div data-v-e3d5c012="">Outlined</div>
              <!--v-if-->
            </button><button data-v-e3d5c012="" type="button" class="Button text primary large">
              <!--v-if-->
              <!--v-if-->
              <div data-v-e3d5c012="">Text</div>
              <!--v-if-->
            </button></div>
        </div>
      </div>
      <div data-v-0b81044b="" class="Card-Footer"></div>
    </div>
  </div>
</section>
<section class="my-8">
  <h2 class="text-3xl font-bold my-4 pt-6">Icons</h2>
  <div data-v-0b81044b="" class="Card">
    <div data-v-0b81044b="" class="Card-Header"></div>
    <div data-v-0b81044b="" class="Card-Body">
      <div data-v-0b81044b="" class="Card-Title"></div>
      <div data-v-0b81044b="" class="Card-Subtitle"></div>
      <div data-v-0b81044b="" class="CardContent">
        <div class="space-y-4">
          <div class="flex flex-col md:flex-row gap-4"><button data-v-e3d5c012="" type="button" class="Button contained primary small icon">
              <div data-v-e3d5c012="" class="Button-Icon i-material-symbols-add-rounded small"></div>
              <!--v-if-->
              <!--v-if-->
              <!--v-if-->
            </button><button data-v-e3d5c012="" type="button" class="Button contained primary small">
              <!--v-if-->
              <div data-v-e3d5c012="" class="Button-Icon flex items-center overflow-hidden small">
                <div data-v-e3d5c012="" class="Button-Icon i-material-symbols-search-rounded small"></div>
              </div>
              <div data-v-e3d5c012="">Search</div>
              <!--v-if-->
            </button><button data-v-e3d5c012="" type="button" class="Button contained primary small">
              <!--v-if-->
              <!--v-if-->
              <div data-v-e3d5c012="">Next</div>
              <div data-v-e3d5c012="" class="Button-Icon flex items-center overflow-hidden small">
                <div data-v-e3d5c012="" class="Button-Icon i-material-symbols-arrow-right-alt-rounded small"></div>
              </div>
            </button></div>
          <div class="flex flex-col md:flex-row gap-4"><button data-v-e3d5c012="" type="button" class="Button contained primary icon">
              <div data-v-e3d5c012="" class="Button-Icon i-material-symbols-add-rounded"></div>
              <!--v-if-->
              <!--v-if-->
              <!--v-if-->
            </button><button data-v-e3d5c012="" type="button" class="Button contained primary">
              <!--v-if-->
              <div data-v-e3d5c012="" class="Button-Icon flex items-center overflow-hidden">
                <div data-v-e3d5c012="" class="Button-Icon i-material-symbols-search-rounded"></div>
              </div>
              <div data-v-e3d5c012="">Search</div>
              <!--v-if-->
            </button><button data-v-e3d5c012="" type="button" class="Button contained primary">
              <!--v-if-->
              <!--v-if-->
              <div data-v-e3d5c012="">Next</div>
              <div data-v-e3d5c012="" class="Button-Icon flex items-center overflow-hidden">
                <div data-v-e3d5c012="" class="Button-Icon i-material-symbols-arrow-right-alt-rounded"></div>
              </div>
            </button></div>
          <div class="flex flex-col md:flex-row gap-4"><button data-v-e3d5c012="" type="button" class="Button contained primary large icon">
              <div data-v-e3d5c012="" class="Button-Icon i-material-symbols-add-rounded large"></div>
              <!--v-if-->
              <!--v-if-->
              <!--v-if-->
            </button><button data-v-e3d5c012="" type="button" class="Button contained primary large">
              <!--v-if-->
              <div data-v-e3d5c012="" class="Button-Icon flex items-center overflow-hidden large">
                <div data-v-e3d5c012="" class="Button-Icon i-material-symbols-search-rounded large"></div>
              </div>
              <div data-v-e3d5c012="">Search</div>
              <!--v-if-->
            </button><button data-v-e3d5c012="" type="button" class="Button contained primary large">
              <!--v-if-->
              <!--v-if-->
              <div data-v-e3d5c012="">Next</div>
              <div data-v-e3d5c012="" class="Button-Icon flex items-center overflow-hidden large">
                <div data-v-e3d5c012="" class="Button-Icon i-material-symbols-arrow-right-alt-rounded large"></div>
              </div>
            </button></div>
        </div>
      </div>
      <div data-v-0b81044b="" class="Card-Footer"></div>
    </div>
  </div>
</section>
<section class="my-8">
  <h2 class="text-3xl font-bold my-4 pt-6">Disabled</h2>
  <div data-v-0b81044b="" class="Card">
    <div data-v-0b81044b="" class="Card-Header"></div>
    <div data-v-0b81044b="" class="Card-Body">
      <div data-v-0b81044b="" class="Card-Title"></div>
      <div data-v-0b81044b="" class="Card-Subtitle"></div>
      <div data-v-0b81044b="" class="CardContent">
        <div class="flex flex-col md:flex-row gap-4"><button data-v-e3d5c012="" type="button" class="Button contained primary disabled" disabled="">
            <!--v-if-->
            <!--v-if-->
            <div data-v-e3d5c012="">Contained</div>
            <!--v-if-->
          </button><button data-v-e3d5c012="" type="button" class="Button outlined primary disabled" disabled="">
            <!--v-if-->
            <!--v-if-->
            <div data-v-e3d5c012="">Outlined</div>
            <!--v-if-->
          </button><button data-v-e3d5c012="" type="button" class="Button text primary disabled" disabled="">
            <!--v-if-->
            <!--v-if-->
            <div data-v-e3d5c012="">Text</div>
            <!--v-if-->
          </button></div>
      </div>
      <div data-v-0b81044b="" class="Card-Footer"></div>
    </div>
  </div>
</section>
<section class="my-8">
  <h2 class="text-3xl font-bold my-4 pt-6">Loading</h2>
  <div data-v-0b81044b="" class="Card">
    <div data-v-0b81044b="" class="Card-Header"></div>
    <div data-v-0b81044b="" class="Card-Body">
      <div data-v-0b81044b="" class="Card-Title"></div>
      <div data-v-0b81044b="" class="Card-Subtitle"></div>
      <div data-v-0b81044b="" class="CardContent">
        <div class="space-y-4"><button data-v-e3d5c012="" type="button" class="Button contained primary small">
            <!--v-if-->
            <div data-v-e3d5c012="" class="Button-Icon flex items-center overflow-hidden small">
              <div data-v-e3d5c012="" class="Button-Icon i-material-symbols-search-rounded small"></div>
            </div>
            <div data-v-e3d5c012="">Search</div>
            <!--v-if-->
          </button><button data-v-e3d5c012="" type="button" class="Button contained primary">
            <!--v-if-->
            <div data-v-e3d5c012="" class="Button-Icon flex items-center overflow-hidden">
              <div data-v-e3d5c012="" class="Button-Icon i-material-symbols-search-rounded"></div>
            </div>
            <div data-v-e3d5c012="">Search</div>
            <!--v-if-->
          </button><button data-v-e3d5c012="" type="button" class="Button contained primary large">
            <!--v-if-->
            <div data-v-e3d5c012="" class="Button-Icon flex items-center overflow-hidden large">
              <div data-v-e3d5c012="" class="Button-Icon i-material-symbols-search-rounded large"></div>
            </div>
            <div data-v-e3d5c012="">Search</div>
            <!--v-if-->
          </button></div>
      </div>
      <div data-v-0b81044b="" class="Card-Footer"></div>
    </div>
  </div>
</section>
<section class="my-8">
  <h2 class="text-3xl font-bold my-4 pt-6">Colors</h2>
  <div data-v-0b81044b="" class="Card">
    <div data-v-0b81044b="" class="Card-Header"></div>
    <div data-v-0b81044b="" class="Card-Body">
      <div data-v-0b81044b="" class="Card-Title"></div>
      <div data-v-0b81044b="" class="Card-Subtitle"></div>
      <div data-v-0b81044b="" class="CardContent">
        <div class="space-y-4">
          <div class="flex flex-col md:flex-row flex-wrap gap-4"><button data-v-e3d5c012="" type="button" class="Button contained primary">
              <!--v-if-->
              <!--v-if-->
              <div data-v-e3d5c012="">Primary</div>
              <!--v-if-->
            </button><button data-v-e3d5c012="" type="button" class="Button contained secondary">
              <!--v-if-->
              <!--v-if-->
              <div data-v-e3d5c012="">Secondary</div>
              <!--v-if-->
            </button><button data-v-e3d5c012="" type="button" class="Button contained success">
              <!--v-if-->
              <!--v-if-->
              <div data-v-e3d5c012="">Success</div>
              <!--v-if-->
            </button><button data-v-e3d5c012="" type="button" class="Button contained danger">
              <!--v-if-->
              <!--v-if-->
              <div data-v-e3d5c012="">Danger</div>
              <!--v-if-->
            </button><button data-v-e3d5c012="" type="button" class="Button contained warning">
              <!--v-if-->
              <!--v-if-->
              <div data-v-e3d5c012="">Warning</div>
              <!--v-if-->
            </button><button data-v-e3d5c012="" type="button" class="Button contained info">
              <!--v-if-->
              <!--v-if-->
              <div data-v-e3d5c012="">Info</div>
              <!--v-if-->
            </button></div>
          <div class="flex flex-col md:flex-row flex-wrap gap-4"><button data-v-e3d5c012="" type="button" class="Button outlined primary">
              <!--v-if-->
              <!--v-if-->
              <div data-v-e3d5c012="">Primary</div>
              <!--v-if-->
            </button><button data-v-e3d5c012="" type="button" class="Button outlined secondary">
              <!--v-if-->
              <!--v-if-->
              <div data-v-e3d5c012="">Secondary</div>
              <!--v-if-->
            </button><button data-v-e3d5c012="" type="button" class="Button outlined success">
              <!--v-if-->
              <!--v-if-->
              <div data-v-e3d5c012="">Success</div>
              <!--v-if-->
            </button><button data-v-e3d5c012="" type="button" class="Button outlined danger">
              <!--v-if-->
              <!--v-if-->
              <div data-v-e3d5c012="">Danger</div>
              <!--v-if-->
            </button><button data-v-e3d5c012="" type="button" class="Button outlined warning">
              <!--v-if-->
              <!--v-if-->
              <div data-v-e3d5c012="">Warning</div>
              <!--v-if-->
            </button><button data-v-e3d5c012="" type="button" class="Button outlined info">
              <!--v-if-->
              <!--v-if-->
              <div data-v-e3d5c012="">Info</div>
              <!--v-if-->
            </button></div>
          <div class="flex flex-col md:flex-row flex-wrap gap-4"><button data-v-e3d5c012="" type="button" class="Button text primary">
              <!--v-if-->
              <!--v-if-->
              <div data-v-e3d5c012="">Primary</div>
              <!--v-if-->
            </button><button data-v-e3d5c012="" type="button" class="Button text secondary">
              <!--v-if-->
              <!--v-if-->
              <div data-v-e3d5c012="">Secondary</div>
              <!--v-if-->
            </button><button data-v-e3d5c012="" type="button" class="Button text success">
              <!--v-if-->
              <!--v-if-->
              <div data-v-e3d5c012="">Success</div>
              <!--v-if-->
            </button><button data-v-e3d5c012="" type="button" class="Button text danger">
              <!--v-if-->
              <!--v-if-->
              <div data-v-e3d5c012="">Danger</div>
              <!--v-if-->
            </button><button data-v-e3d5c012="" type="button" class="Button text warning">
              <!--v-if-->
              <!--v-if-->
              <div data-v-e3d5c012="">Warning</div>
              <!--v-if-->
            </button><button data-v-e3d5c012="" type="button" class="Button text info">
              <!--v-if-->
              <!--v-if-->
              <div data-v-e3d5c012="">Info</div>
              <!--v-if-->
            </button></div>
        </div>
      </div>
      <div data-v-0b81044b="" class="Card-Footer"></div>
    </div>
  </div>
</section>
<section class="my-8">
  <h2 class="text-3xl font-bold my-4 pt-6">Template</h2>
  <div data-v-0b81044b="" class="Card">
    <div data-v-0b81044b="" class="Card-Header"></div>
    <div data-v-0b81044b="" class="Card-Body">
      <div data-v-0b81044b="" class="Card-Title"></div>
      <div data-v-0b81044b="" class="Card-Subtitle"></div>
      <div data-v-0b81044b="" class="CardContent"><button data-v-e3d5c012="" type="button" class="Button outlined primary"> Template <div data-v-b45f5922="" class="flex">
            <div data-v-b45f5922="" class="Chip primary">5
              <!--v-if-->
            </div>
          </div></button></div>
      <div data-v-0b81044b="" class="Card-Footer"></div>
    </div>
  </div>
</section>
<section class="my-8">
  <h2 class="text-3xl font-bold my-4 pt-6">Button Group</h2>
  <div data-v-0b81044b="" class="Card">
    <div data-v-0b81044b="" class="Card-Header"></div>
    <div data-v-0b81044b="" class="Card-Body">
      <div data-v-0b81044b="" class="Card-Title"></div>
      <div data-v-0b81044b="" class="Card-Subtitle"></div>
      <div data-v-0b81044b="" class="CardContent">
        <div class="grid grid-rows-2 gap-4">
          <div data-v-44105046="" class="ButtonGroup"><button data-v-e3d5c012="" type="button" class="Button contained primary">
              <!--v-if-->
              <!--v-if-->
              <div data-v-e3d5c012="">Year</div>
              <!--v-if-->
            </button><button data-v-e3d5c012="" type="button" class="Button contained primary">
              <!--v-if-->
              <!--v-if-->
              <div data-v-e3d5c012="">Month</div>
              <!--v-if-->
            </button><button data-v-e3d5c012="" type="button" class="Button contained primary">
              <!--v-if-->
              <!--v-if-->
              <div data-v-e3d5c012="">Week</div>
              <!--v-if-->
            </button><button data-v-e3d5c012="" type="button" class="Button contained primary">
              <!--v-if-->
              <!--v-if-->
              <div data-v-e3d5c012="">Day</div>
              <!--v-if-->
            </button></div>
          <div data-v-44105046="" class="ButtonGroup"><button data-v-e3d5c012="" type="button" class="Button outlined primary">
              <!--v-if-->
              <!--v-if-->
              <div data-v-e3d5c012="">Year</div>
              <!--v-if-->
            </button><button data-v-e3d5c012="" type="button" class="Button outlined primary">
              <!--v-if-->
              <!--v-if-->
              <div data-v-e3d5c012="">Month</div>
              <!--v-if-->
            </button><button data-v-e3d5c012="" type="button" class="Button outlined primary">
              <!--v-if-->
              <!--v-if-->
              <div data-v-e3d5c012="">Week</div>
              <!--v-if-->
            </button><button data-v-e3d5c012="" type="button" class="Button outlined primary">
              <!--v-if-->
              <!--v-if-->
              <div data-v-e3d5c012="">Day</div>
              <!--v-if-->
            </button></div>
        </div>
      </div>
      <div data-v-0b81044b="" class="Card-Footer"></div>
    </div>
  </div>
  <section class="my-4">
    <h3 class="text-2xl font-semibold my-4 pt-2">Controlled</h3>
    <div data-v-0b81044b="" class="Card">
      <div data-v-0b81044b="" class="Card-Header"></div>
      <div data-v-0b81044b="" class="Card-Body">
        <div data-v-0b81044b="" class="Card-Title"></div>
        <div data-v-0b81044b="" class="Card-Subtitle"></div>
        <div data-v-0b81044b="" class="CardContent">
          <div data-v-44105046="" class="ButtonGroup"><button data-v-e3d5c012="" type="button" class="Button outlined primary">
              <!--v-if-->
              <!--v-if-->
              <div data-v-e3d5c012="">Year</div>
              <!--v-if-->
            </button><button data-v-e3d5c012="" type="button" class="Button outlined primary">
              <!--v-if-->
              <!--v-if-->
              <div data-v-e3d5c012="">Month</div>
              <!--v-if-->
            </button><button data-v-e3d5c012="" type="button" class="Button outlined primary">
              <!--v-if-->
              <!--v-if-->
              <div data-v-e3d5c012="">Week</div>
              <!--v-if-->
            </button><button data-v-e3d5c012="" type="button" class="Button outlined primary">
              <!--v-if-->
              <!--v-if-->
              <div data-v-e3d5c012="">Day</div>
              <!--v-if-->
            </button></div>
        </div>
        <div data-v-0b81044b="" class="Card-Footer"></div>
      </div>
    </div>
  </section>
  <section class="my-4">
    <h3 class="text-2xl font-semibold my-4 pt-2">Split</h3>
    <div data-v-0b81044b="" class="Card">
      <div data-v-0b81044b="" class="Card-Header"></div>
      <div data-v-0b81044b="" class="Card-Body">
        <div data-v-0b81044b="" class="Card-Title"></div>
        <div data-v-0b81044b="" class="Card-Subtitle"></div>
        <div data-v-0b81044b="" class="CardContent">
          <div class="flex justify-end">
            <div>
              <div data-v-44105046="" class="ButtonGroup"><button data-v-e3d5c012="" type="button" class="Button contained primary">
                  <!--v-if-->
                  <div data-v-e3d5c012="" class="Button-Icon flex items-center overflow-hidden">
                    <div data-v-e3d5c012="" class="Button-Icon i-material-symbols-add-rounded"></div>
                  </div>
                  <div data-v-e3d5c012="">Add</div>
                  <!--v-if-->
                </button>
                <div data-v-3ff4d40f="" class="Popover">
                  <div data-v-3ff4d40f="" class="Popover-Target"><button data-v-e3d5c012="" type="button" class="Button contained primary">
                      <!--v-if-->
                      <div data-v-e3d5c012="" class="Button-Icon flex items-center overflow-hidden">
                        <div data-v-e3d5c012="" class="Button-Icon i-material-symbols-keyboard-arrow-down-rounded"></div>
                      </div>
                      <!--v-if-->
                      <!--v-if-->
                    </button></div>
                  <!--teleport start-->
                  <!--teleport end-->
                </div>
              </div>
            </div>
          </div>
        </div>
        <div data-v-0b81044b="" class="Card-Footer"></div>
      </div>
    </div>
  </section>
</section>"
`;
