// Vitest Snapshot v1

exports[`Buttons 1`] = `
"<nav class=\\"rounded-md w-full mb-4\\">
  <ol class=\\"list-reset flex\\">
    <li><span class=\\"text-gray-500\\">Platform</span></li>
    <li>
      <div class=\\"text-gray-500 mx-2 flex items-center h-full\\">/</div>
    </li>
    <li><span class=\\"text-gray-500\\">Components</span></li>
    <li>
      <div class=\\"text-gray-500 mx-2 flex items-center h-full\\">/</div>
    </li>
    <li><span class=\\"text-gray-500\\">Buttons</span></li>
    <!--v-if-->
  </ol>
</nav>
<div class=\\"mb-4\\">
  <div class=\\"text-3xl font-bold\\">Buttons</div>
</div>
<div class=\\"flex flex-col border p-4 mb-4\\">
  <div class=\\"mb-2\\">Basic examples</div>
  <div class=\\"flex space-x-2 justify-center\\"><button type=\\"button\\" class=\\"inline-block px-6 py-2.5 font-medium text-xs leading-tight uppercase rounded shadow-md hover:shadow-lg focus:shadow-lg focus:outline-none focus:ring-0 active:shadow-lg transition duration-150 ease-in-out bg-white\\">
      <!--v-if-->Button
    </button></div>
</div>
<div class=\\"flex flex-col border p-4 mb-4\\">
  <div class=\\"mb-2\\">Colors</div>
  <div class=\\"flex space-x-2 justify-center\\"><button type=\\"button\\" class=\\"inline-block px-6 py-2.5 font-medium text-xs leading-tight uppercase rounded shadow-md hover:shadow-lg focus:shadow-lg focus:outline-none focus:ring-0 active:shadow-lg transition duration-150 ease-in-out bg-blue-600 text-white hover:bg-blue-700 focus:bg-blue-700 active:bg-blue-800\\">
      <!--v-if-->Primary
    </button><button type=\\"button\\" class=\\"inline-block px-6 py-2.5 font-medium text-xs leading-tight uppercase rounded shadow-md hover:shadow-lg focus:shadow-lg focus:outline-none focus:ring-0 active:shadow-lg transition duration-150 ease-in-out bg-purple-600 text-white hover:bg-purple-700 focus:bg-purple-700 active:bg-purple-800\\">
      <!--v-if-->Secondary
    </button><button type=\\"button\\" class=\\"inline-block px-6 py-2.5 font-medium text-xs leading-tight uppercase rounded shadow-md hover:shadow-lg focus:shadow-lg focus:outline-none focus:ring-0 active:shadow-lg transition duration-150 ease-in-out bg-green-500 text-white hover:bg-green-600 focus:bg-green-600 active:bg-green-700\\">
      <!--v-if-->Success
    </button><button type=\\"button\\" class=\\"inline-block px-6 py-2.5 font-medium text-xs leading-tight uppercase rounded shadow-md hover:shadow-lg focus:shadow-lg focus:outline-none focus:ring-0 active:shadow-lg transition duration-150 ease-in-out bg-red-600 text-white hover:bg-red-700 focus:bg-red-700 active:bg-red-800\\">
      <!--v-if-->Danger
    </button><button type=\\"button\\" class=\\"inline-block px-6 py-2.5 font-medium text-xs leading-tight uppercase rounded shadow-md hover:shadow-lg focus:shadow-lg focus:outline-none focus:ring-0 active:shadow-lg transition duration-150 ease-in-out bg-yellow-500 text-white hover:bg-yellow-600 focus:bg-yellow-600 active:bg-yellow-700\\">
      <!--v-if-->Warning
    </button><button type=\\"button\\" class=\\"inline-block px-6 py-2.5 font-medium text-xs leading-tight uppercase rounded shadow-md hover:shadow-lg focus:shadow-lg focus:outline-none focus:ring-0 active:shadow-lg transition duration-150 ease-in-out bg-blue-400 text-white hover:bg-blue-500 focus:bg-blue-500 active:bg-blue-600\\">
      <!--v-if-->Info
    </button></div>
</div>
<div class=\\"flex flex-col border p-4 mb-4\\">
  <div class=\\"mb-2\\">Outline</div>
  <div class=\\"flex space-x-2 justify-center\\"><button type=\\"button\\" class=\\"inline-block px-6 py-2 bg-white border-2 font-medium text-xs leading-tight uppercase rounded hover:bg-black hover:bg-opacity-5 focus:outline-none focus:ring-0 transition duration-150 ease-in-out border-blue-600 text-blue-600\\">Primary</button><button type=\\"button\\" class=\\"inline-block px-6 py-2 bg-white border-2 font-medium text-xs leading-tight uppercase rounded hover:bg-black hover:bg-opacity-5 focus:outline-none focus:ring-0 transition duration-150 ease-in-out border-purple-600 text-purple-600\\">Secondary</button><button type=\\"button\\" class=\\"inline-block px-6 py-2 bg-white border-2 font-medium text-xs leading-tight uppercase rounded hover:bg-black hover:bg-opacity-5 focus:outline-none focus:ring-0 transition duration-150 ease-in-out border-green-500 text-green-500\\">Success</button><button type=\\"button\\" class=\\"inline-block px-6 py-2 bg-white border-2 font-medium text-xs leading-tight uppercase rounded hover:bg-black hover:bg-opacity-5 focus:outline-none focus:ring-0 transition duration-150 ease-in-out border-red-600 text-red-600\\">Danger</button><button type=\\"button\\" class=\\"inline-block px-6 py-2 bg-white border-2 font-medium text-xs leading-tight uppercase rounded hover:bg-black hover:bg-opacity-5 focus:outline-none focus:ring-0 transition duration-150 ease-in-out border-yellow-500 text-yellow-500\\">Warning</button><button type=\\"button\\" class=\\"inline-block px-6 py-2 bg-white border-2 font-medium text-xs leading-tight uppercase rounded hover:bg-black hover:bg-opacity-5 focus:outline-none focus:ring-0 transition duration-150 ease-in-out border-blue-400 text-blue-400\\">Info</button></div>
</div>
<div class=\\"flex flex-col border p-4 mb-4\\">
  <div class=\\"mb-2\\">Rounded</div>
  <div class=\\"flex space-x-2 justify-center\\"><button type=\\"button\\" class=\\"inline-block px-6 py-2.5 font-medium text-xs leading-tight uppercase rounded shadow-md hover:shadow-lg focus:shadow-lg focus:outline-none focus:ring-0 active:shadow-lg transition duration-150 ease-in-out bg-blue-600 text-white hover:bg-blue-700 focus:bg-blue-700 active:bg-blue-800 rounded-full\\">
      <!--v-if-->Primary
    </button><button type=\\"button\\" class=\\"inline-block px-6 py-2.5 font-medium text-xs leading-tight uppercase rounded shadow-md hover:shadow-lg focus:shadow-lg focus:outline-none focus:ring-0 active:shadow-lg transition duration-150 ease-in-out bg-purple-600 text-white hover:bg-purple-700 focus:bg-purple-700 active:bg-purple-800 rounded-full\\">
      <!--v-if-->Secondary
    </button><button type=\\"button\\" class=\\"inline-block px-6 py-2.5 font-medium text-xs leading-tight uppercase rounded shadow-md hover:shadow-lg focus:shadow-lg focus:outline-none focus:ring-0 active:shadow-lg transition duration-150 ease-in-out bg-green-500 text-white hover:bg-green-600 focus:bg-green-600 active:bg-green-700 rounded-full\\">
      <!--v-if-->Success
    </button><button type=\\"button\\" class=\\"inline-block px-6 py-2.5 font-medium text-xs leading-tight uppercase rounded shadow-md hover:shadow-lg focus:shadow-lg focus:outline-none focus:ring-0 active:shadow-lg transition duration-150 ease-in-out bg-red-600 text-white hover:bg-red-700 focus:bg-red-700 active:bg-red-800 rounded-full\\">
      <!--v-if-->Danger
    </button><button type=\\"button\\" class=\\"inline-block px-6 py-2.5 font-medium text-xs leading-tight uppercase rounded shadow-md hover:shadow-lg focus:shadow-lg focus:outline-none focus:ring-0 active:shadow-lg transition duration-150 ease-in-out bg-yellow-500 text-white hover:bg-yellow-600 focus:bg-yellow-600 active:bg-yellow-700 rounded-full\\">
      <!--v-if-->Warning
    </button><button type=\\"button\\" class=\\"inline-block px-6 py-2.5 font-medium text-xs leading-tight uppercase rounded shadow-md hover:shadow-lg focus:shadow-lg focus:outline-none focus:ring-0 active:shadow-lg transition duration-150 ease-in-out bg-blue-400 text-white hover:bg-blue-500 focus:bg-blue-500 active:bg-blue-600 rounded-full\\">
      <!--v-if-->Info
    </button></div>
</div>
<div class=\\"flex flex-col border p-4 mb-4\\">
  <div class=\\"mb-2\\">Rounded outline</div>
  <div class=\\"flex space-x-2 justify-center\\"><button type=\\"button\\" class=\\"inline-block px-6 py-2 bg-white border-2 font-medium text-xs leading-tight uppercase rounded hover:bg-black hover:bg-opacity-5 focus:outline-none focus:ring-0 transition duration-150 ease-in-out border-blue-600 text-blue-600 rounded-full\\">Primary</button><button type=\\"button\\" class=\\"inline-block px-6 py-2 bg-white border-2 font-medium text-xs leading-tight uppercase rounded hover:bg-black hover:bg-opacity-5 focus:outline-none focus:ring-0 transition duration-150 ease-in-out border-purple-600 text-purple-600 rounded-full\\">Secondary</button><button type=\\"button\\" class=\\"inline-block px-6 py-2 bg-white border-2 font-medium text-xs leading-tight uppercase rounded hover:bg-black hover:bg-opacity-5 focus:outline-none focus:ring-0 transition duration-150 ease-in-out border-green-500 text-green-500 rounded-full\\">Success</button><button type=\\"button\\" class=\\"inline-block px-6 py-2 bg-white border-2 font-medium text-xs leading-tight uppercase rounded hover:bg-black hover:bg-opacity-5 focus:outline-none focus:ring-0 transition duration-150 ease-in-out border-red-600 text-red-600 rounded-full\\">Danger</button><button type=\\"button\\" class=\\"inline-block px-6 py-2 bg-white border-2 font-medium text-xs leading-tight uppercase rounded hover:bg-black hover:bg-opacity-5 focus:outline-none focus:ring-0 transition duration-150 ease-in-out border-yellow-500 text-yellow-500 rounded-full\\">Warning</button><button type=\\"button\\" class=\\"inline-block px-6 py-2 bg-white border-2 font-medium text-xs leading-tight uppercase rounded hover:bg-black hover:bg-opacity-5 focus:outline-none focus:ring-0 transition duration-150 ease-in-out border-blue-400 text-blue-400 rounded-full\\">Info</button></div>
</div>
<div class=\\"flex flex-col border p-4 mb-4\\">
  <div class=\\"mb-2\\">Floating</div>
  <div class=\\"flex space-x-2 justify-center\\"><button type=\\"button\\" class=\\"inline-block rounded-full leading-normal uppercase shadow-md hover:shadow-lg focus:shadow-lg focus:outline-none focus:ring-0 active:shadow-lg transition duration-150 ease-in-out w-9 h-9 bg-blue-600 text-white hover:bg-blue-700 focus:bg-blue-700 active:bg-blue-800\\">
      <div class=\\"w-3 mx-auto i-fa-download\\"></div>
    </button><button type=\\"button\\" class=\\"inline-block rounded-full leading-normal uppercase shadow-md hover:shadow-lg focus:shadow-lg focus:outline-none focus:ring-0 active:shadow-lg transition duration-150 ease-in-out w-9 h-9 bg-purple-600 text-white hover:bg-purple-700 focus:bg-purple-700 active:bg-purple-800\\">
      <div class=\\"w-3 mx-auto i-fa-share-square-o\\"></div>
    </button><button type=\\"button\\" class=\\"inline-block rounded-full leading-normal uppercase shadow-md hover:shadow-lg focus:shadow-lg focus:outline-none focus:ring-0 active:shadow-lg transition duration-150 ease-in-out w-9 h-9 bg-green-500 text-white hover:bg-green-600 focus:bg-green-600 active:bg-green-700\\">
      <div class=\\"w-3 mx-auto i-fa-plus\\"></div>
    </button><button type=\\"button\\" class=\\"inline-block rounded-full leading-normal uppercase shadow-md hover:shadow-lg focus:shadow-lg focus:outline-none focus:ring-0 active:shadow-lg transition duration-150 ease-in-out w-9 h-9 bg-red-600 text-white hover:bg-red-700 focus:bg-red-700 active:bg-red-800\\">
      <div class=\\"w-3 mx-auto i-fa-minus\\"></div>
    </button><button type=\\"button\\" class=\\"inline-block rounded-full leading-normal uppercase shadow-md hover:shadow-lg focus:shadow-lg focus:outline-none focus:ring-0 active:shadow-lg transition duration-150 ease-in-out w-9 h-9 bg-yellow-500 text-white hover:bg-yellow-600 focus:bg-yellow-600 active:bg-yellow-700\\">
      <div class=\\"w-3 mx-auto i-fa-exclamation\\"></div>
    </button><button type=\\"button\\" class=\\"inline-block rounded-full leading-normal uppercase shadow-md hover:shadow-lg focus:shadow-lg focus:outline-none focus:ring-0 active:shadow-lg transition duration-150 ease-in-out w-9 h-9 bg-blue-400 text-white hover:bg-blue-500 focus:bg-blue-500 active:bg-blue-600\\">
      <div class=\\"w-3 mx-auto i-fa-question\\"></div>
    </button></div>
</div>
<div class=\\"flex flex-col border p-4 mb-4\\">
  <div class=\\"mb-2\\">Disabled state</div>
  <div class=\\"flex space-x-2 justify-center\\"><button type=\\"button\\" class=\\"inline-block px-6 py-2.5 font-medium text-xs leading-tight uppercase rounded shadow-md hover:shadow-lg focus:shadow-lg focus:outline-none focus:ring-0 active:shadow-lg transition duration-150 ease-in-out bg-blue-600 text-white hover:bg-blue-700 focus:bg-blue-700 active:bg-blue-800 pointer-events-none opacity-60\\">
      <!--v-if-->Primary
    </button><button type=\\"button\\" class=\\"inline-block px-6 py-2.5 font-medium text-xs leading-tight uppercase rounded shadow-md hover:shadow-lg focus:shadow-lg focus:outline-none focus:ring-0 active:shadow-lg transition duration-150 ease-in-out bg-purple-600 text-white hover:bg-purple-700 focus:bg-purple-700 active:bg-purple-800 pointer-events-none opacity-60\\">
      <!--v-if-->Secondary
    </button><button type=\\"button\\" class=\\"inline-block px-6 py-2.5 font-medium text-xs leading-tight uppercase rounded shadow-md hover:shadow-lg focus:shadow-lg focus:outline-none focus:ring-0 active:shadow-lg transition duration-150 ease-in-out bg-green-500 text-white hover:bg-green-600 focus:bg-green-600 active:bg-green-700 pointer-events-none opacity-60\\">
      <!--v-if-->Success
    </button><button type=\\"button\\" class=\\"inline-block px-6 py-2.5 font-medium text-xs leading-tight uppercase rounded shadow-md hover:shadow-lg focus:shadow-lg focus:outline-none focus:ring-0 active:shadow-lg transition duration-150 ease-in-out bg-red-600 text-white hover:bg-red-700 focus:bg-red-700 active:bg-red-800 pointer-events-none opacity-60\\">
      <!--v-if-->Danger
    </button><button type=\\"button\\" class=\\"inline-block px-6 py-2.5 font-medium text-xs leading-tight uppercase rounded shadow-md hover:shadow-lg focus:shadow-lg focus:outline-none focus:ring-0 active:shadow-lg transition duration-150 ease-in-out bg-yellow-500 text-white hover:bg-yellow-600 focus:bg-yellow-600 active:bg-yellow-700 pointer-events-none opacity-60\\">
      <!--v-if-->Warning
    </button><button type=\\"button\\" class=\\"inline-block px-6 py-2.5 font-medium text-xs leading-tight uppercase rounded shadow-md hover:shadow-lg focus:shadow-lg focus:outline-none focus:ring-0 active:shadow-lg transition duration-150 ease-in-out bg-blue-400 text-white hover:bg-blue-500 focus:bg-blue-500 active:bg-blue-600 pointer-events-none opacity-60\\">
      <!--v-if-->Info
    </button></div>
</div>
<div class=\\"flex flex-col border p-4 mb-4\\">
  <div class=\\"mb-2\\">With icon</div>
  <div class=\\"flex space-x-2 justify-center\\"><button type=\\"button\\" class=\\"inline-block px-6 py-2.5 font-medium text-xs leading-tight uppercase rounded shadow-md hover:shadow-lg focus:shadow-lg focus:outline-none focus:ring-0 active:shadow-lg transition duration-150 ease-in-out bg-blue-600 text-white hover:bg-blue-700 focus:bg-blue-700 active:bg-blue-800 flex items-center\\">
      <div class=\\"w-3 mr-2 i-fa-download\\"></div>Download
    </button></div>
</div>
<div class=\\"flex flex-col border p-4 mb-4\\">
  <div class=\\"mb-2\\">Block buttons</div>
  <div><button class=\\"w-full mb-2 inline-block px-6 py-2.5 font-medium text-xs leading-tight uppercase rounded shadow-md hover:shadow-lg focus:shadow-lg focus:outline-none focus:ring-0 active:shadow-lg transition duration-150 ease-in-out bg-blue-600 text-white hover:bg-blue-700 focus:bg-blue-700 active:bg-blue-800 w-full mb-2\\" type=\\"button\\">
      <!--v-if-->Button
    </button><button class=\\"w-full inline-block px-6 py-2 bg-white border-2 font-medium text-xs leading-tight uppercase rounded hover:bg-black hover:bg-opacity-5 focus:outline-none focus:ring-0 transition duration-150 ease-in-out border-blue-600 text-blue-600 w-full\\" type=\\"button\\">Button</button></div>
</div>"
`;
